-0.875
-2.25
-0.375
-1.875
-1.25
0.25
1.125
-0.25
-2.125
-1
-1.75
-0.375
-2.25
-1.25
0.25
-1.75
-1.125
-0.5
1
0
2.125
-2.5
-1.125
0.375
-1.125
-1.125
-0.625
-0.5
-2.375
-1.125
-0.125
1.5
-2.125
-0.875
0.5
-2.125
-0.875
-1.375
-1.125
-0.125
-1
-0.125
-1.875
0.75
-1.75
-0.5
1
-0.25
-2
-1.75
-1.75
-1.75
-0.875
-1.25
-0.875
-1.75
-0.375
-0.25
0.375
-0.125
-1.625
-0.75
1.125
-1
-1.5
-2.75
-0.5
-0.625
-1.875
-0.875
-1.25
0.125
-1.375
-2
1.875
-2
-1.5
-1
-1.25
-1.25
-0.75
-1.25
0.25
-0.125
-1.625
1.625
0
-1.375
-1.125
0.125
-0.25
0.125
-1.25
-0.875
0.125
-1.875
-1.75
-1.375
-1.375
-1.5
-1
-0.375
-0.25
-0.25
-1.5
-0.5
0.75
1.875
-1.75
-0.625
0.75
-2
1.375
0.875
0.625
1.5
-0.375
-2.25
-0.875
-1.125
-1.5
0.25
-2
-2.375
-2
-0.25
-1.5
-0.625
-1.375
-1.625
-2.375
-1.25
-1.125
-0.625
0.25
0.125
-2
-0.75
-0.625
-1
0.375
-1.875
-2.625
0.625
-2.375
-1.375
-0.125
-2.25
-0.25
-0.375
-0.25
0
-1.125
-0.75
0.5
-1.5
-1.375
0.875
-1.625
-0.125
-0.625
-1
-2
-1.625
-2.125
1.75
-2.25
-0.375
0.75
-1
1.5
-1.375
-0.375
1.125
0.25
-0.375
1.75
-1.5
-1
0.375
-2
-0.875
-1.25
-1.5
-1.375
-0.875
-0.875
-1.375
-1
-1.125
-1.375
0.5
-0.375
0.875
-0.125
-1.75
-0.375
-1.125
-0.75
-1
