Copyright 1986-2022 Xilinx, Inc. All Rights Reserved. Copyright 2022-2023 Advanced Micro Devices, Inc. All Rights Reserved.
---------------------------------------------------------------------------------------------------------------------------------------------
| Tool Version : Vivado v.2023.2 (lin64) Build 4029153 Fri Oct 13 20:13:54 MDT 2023
| Date         : Fri Jul 17 04:12:22 2026
| Host         : jupyter-nchenjia-40upenn-2eedu running 64-bit Ubuntu 22.04.3 LTS
| Command      : report_utilization -file vivado_synth.rpt
| Design       : nPELICAN
| Device       : xcu250-figd2104-2L-e
| Speed File   : -2L
| Design State : Synthesized
---------------------------------------------------------------------------------------------------------------------------------------------

Utilization Design Information

Table of Contents
-----------------
1. CLB Logic
1.1 Summary of Registers by Type
2. BLOCKRAM
3. ARITHMETIC
4. I/O
5. CLOCK
6. ADVANCED
7. CONFIGURATION
8. Primitives
9. Black Boxes
10. Instantiated Netlists
11. SLR Connectivity
12. SLR Connectivity Matrix
13. SLR IO Utilization

1. CLB Logic
------------

+----------------------------+--------+-------+------------+-----------+-------+
|          Site Type         |  Used  | Fixed | Prohibited | Available | Util% |
+----------------------------+--------+-------+------------+-----------+-------+
| CLB LUTs*                  | 100669 |     0 |          0 |   1728000 |  5.83 |
|   LUT as Logic             | 100643 |     0 |          0 |   1728000 |  5.82 |
|   LUT as Memory            |     26 |     0 |          0 |    791040 | <0.01 |
|     LUT as Distributed RAM |      0 |     0 |            |           |       |
|     LUT as Shift Register  |     26 |     0 |            |           |       |
| CLB Registers              |  26626 |     0 |          0 |   3456000 |  0.77 |
|   Register as Flip Flop    |  26626 |     0 |          0 |   3456000 |  0.77 |
|   Register as Latch        |      0 |     0 |          0 |   3456000 |  0.00 |
| CARRY8                     |  10531 |     0 |          0 |    216000 |  4.88 |
| F7 Muxes                   |      0 |     0 |          0 |    864000 |  0.00 |
| F8 Muxes                   |      0 |     0 |          0 |    432000 |  0.00 |
| F9 Muxes                   |      0 |     0 |          0 |    216000 |  0.00 |
+----------------------------+--------+-------+------------+-----------+-------+
* Warning! The Final LUT count, after physical optimizations and full implementation, is typically lower. Run opt_design after synthesis, if not already completed, for a more realistic count.
Warning! LUT value is adjusted to account for LUT combining.


1.1 Summary of Registers by Type
--------------------------------

+-------+--------------+-------------+--------------+
| Total | Clock Enable | Synchronous | Asynchronous |
+-------+--------------+-------------+--------------+
| 0     |            _ |           - |            - |
| 0     |            _ |           - |          Set |
| 0     |            _ |           - |        Reset |
| 0     |            _ |         Set |            - |
| 0     |            _ |       Reset |            - |
| 0     |          Yes |           - |            - |
| 0     |          Yes |           - |          Set |
| 0     |          Yes |           - |        Reset |
| 3528  |          Yes |         Set |            - |
| 23098 |          Yes |       Reset |            - |
+-------+--------------+-------------+--------------+


2. BLOCKRAM
-----------

+----------------+------+-------+------------+-----------+-------+
|    Site Type   | Used | Fixed | Prohibited | Available | Util% |
+----------------+------+-------+------------+-----------+-------+
| Block RAM Tile |    0 |     0 |          0 |      2688 |  0.00 |
|   RAMB36/FIFO* |    0 |     0 |          0 |      2688 |  0.00 |
|   RAMB18       |    0 |     0 |          0 |      5376 |  0.00 |
| URAM           |    0 |     0 |          0 |      1280 |  0.00 |
+----------------+------+-------+------------+-----------+-------+
* Note: Each Block RAM Tile only has one FIFO logic available and therefore can accommodate only one FIFO36E2 or one FIFO18E2. However, if a FIFO18E2 occupies a Block RAM Tile, that tile can still accommodate a RAMB18E2


3. ARITHMETIC
-------------

+----------------+------+-------+------------+-----------+-------+
|    Site Type   | Used | Fixed | Prohibited | Available | Util% |
+----------------+------+-------+------------+-----------+-------+
| DSPs           |  918 |     0 |          0 |     12288 |  7.47 |
|   DSP48E2 only |  918 |       |            |           |       |
+----------------+------+-------+------------+-----------+-------+


4. I/O
------

+------------+------+-------+------------+-----------+--------+
|  Site Type | Used | Fixed | Prohibited | Available |  Util% |
+------------+------+-------+------------+-----------+--------+
| Bonded IOB |  741 |     0 |          0 |       676 | 109.62 |
+------------+------+-------+------------+-----------+--------+


5. CLOCK
--------

+----------------------+------+-------+------------+-----------+-------+
|       Site Type      | Used | Fixed | Prohibited | Available | Util% |
+----------------------+------+-------+------------+-----------+-------+
| GLOBAL CLOCK BUFFERs |    1 |     0 |          0 |      1344 |  0.07 |
|   BUFGCE             |    1 |     0 |          0 |       384 |  0.26 |
|   BUFGCE_DIV         |    0 |     0 |          0 |        64 |  0.00 |
|   BUFG_GT            |    0 |     0 |          0 |       768 |  0.00 |
|   BUFGCTRL*          |    0 |     0 |          0 |       128 |  0.00 |
| PLL                  |    0 |     0 |          0 |        32 |  0.00 |
| MMCM                 |    0 |     0 |          0 |        16 |  0.00 |
+----------------------+------+-------+------------+-----------+-------+
* Note: Each used BUFGCTRL counts as two GLOBAL CLOCK BUFFERs. This table does not include global clocking resources, only buffer cell usage. See the Clock Utilization Report (report_clock_utilization) for detailed accounting of global clocking resource availability.


6. ADVANCED
-----------

+-----------------+------+-------+------------+-----------+-------+
|    Site Type    | Used | Fixed | Prohibited | Available | Util% |
+-----------------+------+-------+------------+-----------+-------+
| CMACE4          |    0 |     0 |          0 |        12 |  0.00 |
| GTYE4_CHANNEL   |    0 |     0 |          0 |        24 |  0.00 |
| GTYE4_COMMON    |    0 |     0 |          0 |         6 |  0.00 |
| ILKNE4          |    0 |     0 |          0 |         8 |  0.00 |
| OBUFDS_GTE4     |    0 |     0 |          0 |        12 |  0.00 |
| OBUFDS_GTE4_ADV |    0 |     0 |          0 |        12 |  0.00 |
| PCIE40E4        |    0 |     0 |          0 |         4 |  0.00 |
| SYSMONE4        |    0 |     0 |          0 |         4 |  0.00 |
+-----------------+------+-------+------------+-----------+-------+


7. CONFIGURATION
----------------

+-------------+------+-------+------------+-----------+-------+
|  Site Type  | Used | Fixed | Prohibited | Available | Util% |
+-------------+------+-------+------------+-----------+-------+
| BSCANE2     |    0 |     0 |          0 |        16 |  0.00 |
| DNA_PORTE2  |    0 |     0 |          0 |         4 |  0.00 |
| EFUSE_USR   |    0 |     0 |          0 |         4 |  0.00 |
| FRAME_ECCE4 |    0 |     0 |          0 |         4 |  0.00 |
| ICAPE3      |    0 |     0 |          0 |         8 |  0.00 |
| MASTER_JTAG |    0 |     0 |          0 |         4 |  0.00 |
| STARTUPE3   |    0 |     0 |          0 |         4 |  0.00 |
+-------------+------+-------+------------+-----------+-------+


8. Primitives
-------------

+----------+-------+---------------------+
| Ref Name |  Used | Functional Category |
+----------+-------+---------------------+
| LUT2     | 45203 |                 CLB |
| LUT6     | 27405 |                 CLB |
| FDRE     | 23098 |            Register |
| LUT4     | 18515 |                 CLB |
| LUT3     | 17794 |                 CLB |
| LUT5     | 10685 |                 CLB |
| CARRY8   | 10531 |                 CLB |
| FDSE     |  3528 |            Register |
| LUT1     |  2970 |                 CLB |
| DSP48E2  |   918 |          Arithmetic |
| INBUF    |   729 |                 I/O |
| IBUFCTRL |   729 |              Others |
| SRL16E   |    26 |                 CLB |
| OBUF     |    12 |                 I/O |
| BUFGCE   |     1 |               Clock |
+----------+-------+---------------------+


9. Black Boxes
--------------

+----------+------+
| Ref Name | Used |
+----------+------+


10. Instantiated Netlists
-------------------------

+----------+------+
| Ref Name | Used |
+----------+------+


11. SLR Connectivity
--------------------

+----------------------------------+------+-------+-----------+-------+
|                                  | Used | Fixed | Available | Util% |
+----------------------------------+------+-------+-----------+-------+
| SLR3 <-> SLR2                    |    0 |       |     23040 |  0.00 |
|   SLR2 -> SLR3                   |    0 |       |           |  0.00 |
|     Using TX_REG only            |    0 |     0 |           |       |
|     Using RX_REG only            |    0 |     0 |           |       |
|     Using Both TX_REG and RX_REG |    0 |     0 |           |       |
|   SLR3 -> SLR2                   |    0 |       |           |  0.00 |
|     Using TX_REG only            |    0 |     0 |           |       |
|     Using RX_REG only            |    0 |     0 |           |       |
|     Using Both TX_REG and RX_REG |    0 |     0 |           |       |
| SLR2 <-> SLR1                    |    0 |       |     23040 |  0.00 |
|   SLR1 -> SLR2                   |    0 |       |           |  0.00 |
|     Using TX_REG only            |    0 |     0 |           |       |
|     Using RX_REG only            |    0 |     0 |           |       |
|     Using Both TX_REG and RX_REG |    0 |     0 |           |       |
|   SLR2 -> SLR1                   |    0 |       |           |  0.00 |
|     Using TX_REG only            |    0 |     0 |           |       |
|     Using RX_REG only            |    0 |     0 |           |       |
|     Using Both TX_REG and RX_REG |    0 |     0 |           |       |
| SLR1 <-> SLR0                    |    0 |       |     23040 |  0.00 |
|   SLR0 -> SLR1                   |    0 |       |           |  0.00 |
|     Using TX_REG only            |    0 |     0 |           |       |
|     Using RX_REG only            |    0 |     0 |           |       |
|     Using Both TX_REG and RX_REG |    0 |     0 |           |       |
|   SLR1 -> SLR0                   |    0 |       |           |  0.00 |
|     Using TX_REG only            |    0 |     0 |           |       |
|     Using RX_REG only            |    0 |     0 |           |       |
|     Using Both TX_REG and RX_REG |    0 |     0 |           |       |
+----------------------------------+------+-------+-----------+-------+
| Total SLLs Used                  |    0 |       |           |       |
+----------------------------------+------+-------+-----------+-------+


12. SLR Connectivity Matrix
---------------------------

+-----------+------+------+------+------+
| FROM \ TO | SLR3 | SLR2 | SLR1 | SLR0 |
+-----------+------+------+------+------+
| SLR3      |    0 |    0 |    0 |    0 |
| SLR2      |    0 |    0 |    0 |    0 |
| SLR1      |    0 |    0 |    0 |    0 |
| SLR0      |    0 |    0 |    0 |    0 |
+-----------+------+------+------+------+


13. SLR IO Utilization
----------------------

+-----------+-----------+---------+------------+----------+------------+----------+-----+
| SLR Index | Used IOBs | (%)IOBs | Used IPADs | (%)IPADs | Used OPADs | (%)OPADs | GTs |
+-----------+-----------+---------+------------+----------+------------+----------+-----+
| SLR3      |         0 |    0.00 |          0 |     0.00 |          0 |     0.00 |   0 |
| SLR2      |         0 |    0.00 |          0 |     0.00 |          0 |     0.00 |   0 |
| SLR1      |         0 |    0.00 |          0 |     0.00 |          0 |     0.00 |   0 |
| SLR0      |         0 |    0.00 |          0 |     0.00 |          0 |     0.00 |   0 |
+-----------+-----------+---------+------------+----------+------------+----------+-----+
| Total     |         0 |         |          0 |          |          0 |          |   0 |
+-----------+-----------+---------+------------+----------+------------+----------+-----+


